mode: set
github.com/example/fullstack-calculator/backend/internal/calculator/service.go:41.32,43.2 1 1
github.com/example/fullstack-calculator/backend/internal/calculator/service.go:48.28,50.2 1 1
github.com/example/fullstack-calculator/backend/internal/calculator/service.go:53.58,54.25 1 1
github.com/example/fullstack-calculator/backend/internal/calculator/service.go:54.25,56.3 1 1
github.com/example/fullstack-calculator/backend/internal/calculator/service.go:57.2,57.18 1 1
github.com/example/fullstack-calculator/backend/internal/calculator/service.go:57.18,59.3 1 1
github.com/example/fullstack-calculator/backend/internal/calculator/service.go:61.2,62.18 2 1
github.com/example/fullstack-calculator/backend/internal/calculator/service.go:62.18,64.3 1 1
github.com/example/fullstack-calculator/backend/internal/calculator/service.go:66.2,68.23 2 1
github.com/example/fullstack-calculator/backend/internal/calculator/service.go:69.58,70.19 1 1
github.com/example/fullstack-calculator/backend/internal/calculator/service.go:70.19,72.4 1 1
github.com/example/fullstack-calculator/backend/internal/calculator/service.go:73.3,74.19 2 1
github.com/example/fullstack-calculator/backend/internal/calculator/service.go:74.19,76.4 1 1
github.com/example/fullstack-calculator/backend/internal/calculator/service.go:78.3,78.24 1 1
github.com/example/fullstack-calculator/backend/internal/calculator/service.go:79.12,80.17 1 1
github.com/example/fullstack-calculator/backend/internal/calculator/service.go:81.17,82.17 1 1
github.com/example/fullstack-calculator/backend/internal/calculator/service.go:83.17,84.17 1 1
github.com/example/fullstack-calculator/backend/internal/calculator/service.go:85.15,86.14 1 1
github.com/example/fullstack-calculator/backend/internal/calculator/service.go:86.14,88.5 1 1
github.com/example/fullstack-calculator/backend/internal/calculator/service.go:89.4,89.17 1 1
github.com/example/fullstack-calculator/backend/internal/calculator/service.go:90.14,91.26 1 1
github.com/example/fullstack-calculator/backend/internal/calculator/service.go:92.19,93.25 1 1
github.com/example/fullstack-calculator/backend/internal/calculator/service.go:96.18,97.12 1 1
github.com/example/fullstack-calculator/backend/internal/calculator/service.go:97.12,99.4 1 1
github.com/example/fullstack-calculator/backend/internal/calculator/service.go:100.3,100.23 1 1
github.com/example/fullstack-calculator/backend/internal/calculator/service.go:102.10,106.4 1 1
github.com/example/fullstack-calculator/backend/internal/calculator/service.go:109.2,109.22 1 1
github.com/example/fullstack-calculator/backend/internal/calculator/service.go:109.22,111.3 1 1
github.com/example/fullstack-calculator/backend/internal/calculator/service.go:113.2,113.60 1 1
github.com/example/fullstack-calculator/backend/internal/calculator/service.go:116.45,118.2 1 1
github.com/example/fullstack-calculator/backend/internal/calculator/service.go:120.35,122.2 1 1
github.com/example/fullstack-calculator/backend/internal/httpapi/handler.go:25.74,27.2 1 1
github.com/example/fullstack-calculator/backend/internal/httpapi/handler.go:29.61,35.2 4 1
github.com/example/fullstack-calculator/backend/internal/httpapi/handler.go:37.66,39.2 1 1
github.com/example/fullstack-calculator/backend/internal/httpapi/handler.go:41.69,49.45 6 1
github.com/example/fullstack-calculator/backend/internal/httpapi/handler.go:49.45,52.3 2 1
github.com/example/fullstack-calculator/backend/internal/httpapi/handler.go:54.2,54.55 1 1
github.com/example/fullstack-calculator/backend/internal/httpapi/handler.go:54.55,57.3 2 1
github.com/example/fullstack-calculator/backend/internal/httpapi/handler.go:59.2,60.16 2 1
github.com/example/fullstack-calculator/backend/internal/httpapi/handler.go:60.16,62.33 2 1
github.com/example/fullstack-calculator/backend/internal/httpapi/handler.go:62.33,65.4 2 1
github.com/example/fullstack-calculator/backend/internal/httpapi/handler.go:67.3,69.9 3 0
github.com/example/fullstack-calculator/backend/internal/httpapi/handler.go:72.2,72.37 1 1
github.com/example/fullstack-calculator/backend/internal/httpapi/handler.go:84.77,86.2 1 1
github.com/example/fullstack-calculator/backend/internal/httpapi/handler.go:88.64,92.2 3 1
github.com/example/fullstack-calculator/backend/internal/httpapi/handler.go:94.57,96.50 2 1
github.com/example/fullstack-calculator/backend/internal/httpapi/handler.go:96.50,97.17 1 1
github.com/example/fullstack-calculator/backend/internal/httpapi/handler.go:97.17,99.4 1 1
github.com/example/fullstack-calculator/backend/internal/httpapi/handler.go:100.3,100.13 1 0
github.com/example/fullstack-calculator/backend/internal/httpapi/handler.go:102.2,102.12 1 1
github.com/example/fullstack-calculator/backend/internal/httpapi/handler.go:105.44,109.9 3 1
github.com/example/fullstack-calculator/backend/internal/httpapi/handler.go:110.34,111.48 1 0
github.com/example/fullstack-calculator/backend/internal/httpapi/handler.go:112.32,113.62 1 0
github.com/example/fullstack-calculator/backend/internal/httpapi/handler.go:114.30,115.36 1 1
github.com/example/fullstack-calculator/backend/internal/httpapi/handler.go:116.53,117.37 1 0
github.com/example/fullstack-calculator/backend/internal/httpapi/handler.go:118.10,119.21 1 1
github.com/example/fullstack-calculator/backend/internal/httpapi/middleware.go:9.75,10.71 1 1
github.com/example/fullstack-calculator/backend/internal/httpapi/middleware.go:10.71,11.26 1 1
github.com/example/fullstack-calculator/backend/internal/httpapi/middleware.go:11.26,16.4 4 1
github.com/example/fullstack-calculator/backend/internal/httpapi/middleware.go:18.3,18.37 1 1
github.com/example/fullstack-calculator/backend/internal/httpapi/middleware.go:18.37,21.4 2 1
github.com/example/fullstack-calculator/backend/internal/httpapi/middleware.go:23.3,23.23 1 1
github.com/example/fullstack-calculator/backend/internal/httpapi/middleware.go:27.84,28.71 1 1
github.com/example/fullstack-calculator/backend/internal/httpapi/middleware.go:28.71,36.3 3 1
